// Jest Snapshot v1, https://goo.gl/fbAQLP

exports[`Label should render a Label 1`] = `
.c0 {
  display: grid;
  grid-gap: 0.25rem;
  color: #d7ebf4;
  font-weight: 500;
  font-size: 1.125rem;
}

<label
  className="c0"
>
  Label
</label>
`;
