// Jest Snapshot v1, https://goo.gl/fbAQLP

exports[`Button should render a default Button 1`] = `
.c0 {
  font-family: Lato,sans-serif,sans-serif;
  color: black;
  background: #f4f9fb;
  border-color: gray;
  -webkit-text-decoration: none;
  text-decoration: none;
  font-size: 18px;
  border-radius: 5px;
  padding: 10px 20px;
}

.c0:hover {
  color: black;
  background: white;
}

.c0:disabled {
  cursor: not-allowed;
}

.c0:focus {
  outline: none;
}

.c0:focus {
  border: 1px solid #68d2ff;
  box-shadow: 0 0 0 1px #68d2ff;
  -webkit-transition: all 200ms cubic-bezier(0.165,0.84,0.44,1);
  transition: all 200ms cubic-bezier(0.165,0.84,0.44,1);
}

<button
  className="c0"
  color="black"
  fontFamily="Lato, sans-serif"
  size="medium"
/>
`;

exports[`Button should render a primary Button 1`] = `
.c0 {
  font-family: Lato,sans-serif,sans-serif;
  color: black;
  background: #f4f9fb;
  border-color: gray;
  -webkit-text-decoration: none;
  text-decoration: none;
  font-size: 18px;
  border-radius: 5px;
  padding: 10px 20px;
}

.c0:hover {
  color: black;
  background: white;
}

.c0:disabled {
  cursor: not-allowed;
}

.c0:focus {
  outline: none;
}

.c0:focus {
  border: 1px solid #68d2ff;
  box-shadow: 0 0 0 1px #68d2ff;
  -webkit-transition: all 200ms cubic-bezier(0.165,0.84,0.44,1);
  transition: all 200ms cubic-bezier(0.165,0.84,0.44,1);
}

<button
  className="c0"
  color="black"
  fontFamily="Lato, sans-serif"
  size="medium"
/>
`;
