// Jest Snapshot v1, https://goo.gl/fbAQLP

exports[`Row should render a Row 1`] = `
.c0 {
  display: -webkit-box;
  display: -webkit-flex;
  display: -ms-flexbox;
  display: flex;
  -webkit-flex-wrap: wrap;
  -ms-flex-wrap: wrap;
  flex-wrap: wrap;
  padding: 0px 20px;
  margin: 0px 0px 10px 0px;
}

<div
  className="c0"
/>
`;
